 
****************************************
check_design summary:
Version:     R-2020.09-SP5
Date:        Mon Oct 30 16:23:14 2023
****************************************

                   Name                                            Total
--------------------------------------------------------------------------------
Cells                                                              20
    Cells do not drive (LINT-1)                                    10
    Cells do not have output pins (LINT-10)                        10
--------------------------------------------------------------------------------

Warning: In design 'mult_pad', cell 'p03' does not drive any nets. (LINT-1)
Warning: In design 'mult_pad', cell 'p02' does not drive any nets. (LINT-1)
Warning: In design 'mult_pad', cell 'p01' does not drive any nets. (LINT-1)
Warning: In design 'mult_pad', cell 'p00' does not drive any nets. (LINT-1)
Warning: In design 'mult_pad', cell 'p21' does not drive any nets. (LINT-1)
Warning: In design 'mult_pad', cell 'p20' does not drive any nets. (LINT-1)
Warning: In design 'mult_pad', cell 'c04' does not drive any nets. (LINT-1)
Warning: In design 'mult_pad', cell 'c03' does not drive any nets. (LINT-1)
Warning: In design 'mult_pad', cell 'c02' does not drive any nets. (LINT-1)
Warning: In design 'mult_pad', cell 'c01' does not drive any nets. (LINT-1)
Warning: In design 'mult_pad', cell 'p03' has no output pins. (LINT-10)
Warning: In design 'mult_pad', cell 'p02' has no output pins. (LINT-10)
Warning: In design 'mult_pad', cell 'p01' has no output pins. (LINT-10)
Warning: In design 'mult_pad', cell 'p00' has no output pins. (LINT-10)
Warning: In design 'mult_pad', cell 'p21' has no output pins. (LINT-10)
Warning: In design 'mult_pad', cell 'p20' has no output pins. (LINT-10)
Warning: In design 'mult_pad', cell 'c04' has no output pins. (LINT-10)
Warning: In design 'mult_pad', cell 'c03' has no output pins. (LINT-10)
Warning: In design 'mult_pad', cell 'c02' has no output pins. (LINT-10)
Warning: In design 'mult_pad', cell 'c01' has no output pins. (LINT-10)
1
