#  ==============================================
#               Required Variables
#  ==============================================
#  WARNING: Neither fp_file, def_files, fp_tcl_file, fp_tcl_proc are defined
#  INFO:    netlist = ../synth/mapped/mult_alone.vh
#  INFO:    flow = mmmc
#  INFO:    process = 130nm
#  INFO:    library_sets = libs_tt
#  INFO:    rc_corners = rc_typ
#  INFO:    delay_corners = corner_tt
#  INFO:    setup_analysis_views = hold_func
#  INFO:    hold_analysis_views = setup_func
#  INFO:    active_setup_views = setup_func
#  INFO:    active_hold_views = hold_func
#  INFO:    default_setup_view = setup_func
#  INFO:    default_hold_view = hold_func
#  ==============================================
#                 Library Sets
#  ==============================================
#  INFO: libs_tt:
#  INFO:    timing = 
#  INFO:       /programs/pdk/sky130_osu_sc_t12/12T_ms/lib/sky130_osu_sc_12T_ms_tt_1P80_25C.ccs.lib
#  ==============================================
#                 LEF Files
#  ==============================================
#  INFO: /programs/pdk/sky130_osu_sc_t12/sky130_osu_sc_12T.tlef
#  INFO: /programs/pdk/sky130_osu_sc_t12/12T_ms/lef/sky130_osu_sc_12T_ms.lef
#  WARNING: PAC is obsolete and will be removed in a future version. Consider using Sign-off ECO.#  ==============================================
#                  RC Corners
#  ==============================================
#  INFO: rc_typ:
#  ERROR: Variable vars(rc_typ,cap_table) or vars(rc_typ,qx_tech_file) must be defined
#  INFO:    temperature = 25
#  ==============================================
#               Delay Corners
#  ==============================================
#  INFO: corner_tt:
#  INFO:    rc_corner = rc_typ
#  INFO:    library_set = libs_tt
#  ==============================================
#             Constraint Modes
#  ==============================================
#  INFO: setup_func_mode:
#  INFO:    pre_cts_sdc = /home/jstine/ecen4303/ecen4303F23/SoC_sky130/synth/mapped/mult_alone.sdc
#  INFO:    Variable vars(setup_func_mode,post_cts_sdc) not defined
#  INFO:    Variable vars(setup_func_mode,incr_cts_sdc) not defined
#  ==============================================
#             Analysis Views
#  ==============================================
#  INFO: hold_func:
#  INFO:    delay_corner = corner_tt
#  INFO:    constraint_mode = setup_func_mode
#  INFO: setup_func:
#  INFO:    delay_corner = corner_tt
#  INFO:    constraint_mode = setup_func_mode
#  ==============================================
#             Recommended Variables
#  ==============================================
#  INFO: max_route_layer = 5
#  INFO: filler_cells = sky130_osu_sc_12T_ms__fill_1 sky130_osu_sc_12T_ms__fill_2 sky130_osu_sc_12T_ms__fill_4 sky130_osu_sc_12T_ms__fill_8 sky130_osu_sc_12T_ms__fill_16
#  INFO: tie_cells = sky130_osu_sc_12T_ms__tiehi sky130_osu_sc_12T_ms__tielo
#  WARNING: Recommended variables dont_use_list and dont_use_file not defined
#  WARNING: Recommended variable vars(antenna_diode) not defined
#  ==============================================
#                 Other Variables
#  ==============================================
#  INFO: Variable vars(jtag_cells) not defined
#  INFO: Variable vars(jtag_rows) not defined
#  INFO: Variable vars(spare_cells) not defined
#  ==============================================
#                 Scale Factors
#  ==============================================
#  INFO: rc_typ:
#  WARNING: No scale factors set for rc corner (rc_typ)
#  ==============================================
#                Derating Factors
#  ==============================================
#  INFO: corner_tt:
#  WARNING: No derating factors set for delay corner (corner_tt)
#  ==============================================
#                Plug-ins
#  ==============================================
#  INFO: Plug-in pre_init_tcl = PLUG/INNOVUS/pre_init.tcl
#  INFO: Plug-in post_init_tcl = PLUG/INNOVUS/post_init.tcl
#  INFO: Plug-in pre_place_tcl = PLUG/INNOVUS/pre_place.tcl
#  INFO: Plug-in pre_cts_tcl = PLUG/INNOVUS/pre_cts.tcl
#  INFO: Plug-in post_cts_tcl = PLUG/INNOVUS/post_cts.tcl
#  ==============================================
#               Type Check
#  ==============================================
#  ==============================================
#               File Check
#  ==============================================
#  INFO: Checking design files ...
#  INFO:    ... found 1 files
#  INFO: Checking LEF files ...
#  INFO:    ... found (2/2) lef files
#  INFO: Checking library sets ...
#  INFO:    ... found (1/1) library files
#  INFO: Checking rc corners ...
#  INFO:    ... found 0 files
#  INFO: Checking constraint modes ...
#  INFO:    ... found 1 files
#  INFO: Checking plugin files ...
#  INFO:    ... found 5 files
#  =====================================================
#                    Flow Options
#  =====================================================
#                    Flow = flat
#                   Power = none
#                  Flavor = mmmc
#                  Effort = standard
#  -----------------------------------------------------
#                    Placement Options
#  -----------------------------------------------------
#        Place Opt Design = true
#           Place IO Pins = false
#  -----------------------------------------------------
#                   Clock Tree Options
#  -----------------------------------------------------
#        Route Clock Nets = true
#  -----------------------------------------------------
#                 Optimization Options
#  -----------------------------------------------------
#              Enable PAC = true
#  -----------------------------------------------------
#                  Hold Fixing Options
#  -----------------------------------------------------
#                Fix Hold = postcts postroute postroute_si
#             Ignore IOs  = false
#  -----------------------------------------------------
#                     Timing Options
#  -----------------------------------------------------
#             Enable CPPR = none
#              Enable OCV = pre_place
#             Enable AOCV = false
#             Enable SOCV = false
#               Enable SS = false
#  -----------------------------------------------------
#                    Routing Options
#  -----------------------------------------------------
#    In Route Optimization = false
#    Litho Driven Routing = false
#  -----------------------------------------------------
#                   Extraction Options
#  -----------------------------------------------------
#    Signoff Effort Level = low
#  -----------------------------------------------------
#                        DFM Options
#  -----------------------------------------------------
#  -----------------------------------------------------
#                Signal Integrity Options
#  -----------------------------------------------------
#                 Process = 130nm
#  -----------------------------------------------------
#                   Multiple CPUs
#  -----------------------------------------------------
#      CPUs On Local Host = 1
#  =====================================================
#    Abort on Setup Error = 0
#  =====================================================
#  -----------------------------------------------------
#                   Info Summary
#  -----------------------------------------------------
#  (1) Changing vars(enable_ocv) from "false" to "pre_cts"
#  -----------------------------------------------------
#  -----------------------------------------------------
#                   Info Summary
#  -----------------------------------------------------
#  (1) Changing vars(enable_ocv) from "false" to "pre_cts"
#  -----------------------------------------------------
#  -----------------------------------------------------
#                   Warning Summary
#  -----------------------------------------------------
#  (1) Either fp_file, def_files, fp_tcl_file, fp_tcl_proc should be defined
#  (2) PAC is obsolete and will be removed in a future version. Consider using Sign-off ECO.
#  (3) Recommended variables dont_use_list and dont_use_file not defined
#  (4) Recommended variable vars(antenna_diode) not defined
#  (5) No scale factors set for rc corner (rc_typ)
#  (6) No derating factors set for delay corner (corner_tt)
#  -----------------------------------------------------
#  -----------------------------------------------------
#                   Info Summary
#  -----------------------------------------------------
#  (1) Changing vars(enable_ocv) from "false" to "pre_cts"
#  -----------------------------------------------------
#  -----------------------------------------------------
#                   Warning Summary
#  -----------------------------------------------------
#  (1) Either fp_file, def_files, fp_tcl_file, fp_tcl_proc should be defined
#  (2) PAC is obsolete and will be removed in a future version. Consider using Sign-off ECO.
#  (3) Recommended variables dont_use_list and dont_use_file not defined
#  (4) Recommended variable vars(antenna_diode) not defined
#  (5) No scale factors set for rc corner (rc_typ)
#  (6) No derating factors set for delay corner (corner_tt)
#  -----------------------------------------------------
#  -----------------------------------------------------
#                    Error Summary
#  -----------------------------------------------------
#  (1) Variable vars(rc_typ,cap_table) or vars(rc_typ,qx_tech_file) must be defined
#  -----------------------------------------------------

